// Vitest Snapshot v1, https://vitest.dev/guide/snapshot.html

exports[`pick 유틸리티 단위 테스트 > 존재하지 않는 키를 선택하면 에러가 발생한다 > Property 'z' does not exist on the object. 1`] = `[Error: Property "z" does not exist on the object.]`;
